---
source: repology-webapp/tests/snapshot_tests/mod.rs
expression: snapshot
snapshot_kind: text
---
Status: 300
Header: content-type: application/json
Header: content-length: 152
---
{"_comment":"Ambiguous redirect, multiple target projects are possible","targets":{"iperf2":"/api/v1/project/iperf2","iperf3":"/api/v1/project/iperf3"}}
